============================================================
RESUME ANALYZER - END-TO-END TEST
============================================================
Traceback (most recent call last):
  File "D:\4-2\resume-analyzer-python\test_resume_upload.py", line 12, in <module>
    print("\n\U0001f4dd Step 1: Logging in...")
    ~~~~~^^^^^^^^^^^^^^^^^^^^^^^^^^^^^^
  File "C:\Users\JOHN PAUL\AppData\Local\Programs\Python\Python313\Lib\encodings\cp1252.py", line 19, in encode
    return codecs.charmap_encode(input,self.errors,encoding_table)[0]
           ~~~~~~~~~~~~~~~~~~~~~^^^^^^^^^^^^^^^^^^^^^^^^^^^^^^^^^^
UnicodeEncodeError: 'charmap' codec can't encode character '\U0001f4dd' in position 2: character maps to <undefined>
